{"dialect":"postgres","level":"info","message":"Database connected","origin":{"col":3,"file":"file:///home/alan/Projects/Algoman/algo-zerodha/src/index.js","fn":"<anonymous>","line":16},"timestamp":"2025-09-03T03:23:52.944Z"}
{"level":"info","message":"Zerodha runner listening","origin":{"col":3,"file":"file:///home/alan/Projects/Algoman/algo-zerodha/src/index.js","fn":"Server.<anonymous>","line":625},"port":3002,"timestamp":"2025-09-03T03:23:53.799Z"}
{"level":"info","message":"Loaded dailyLevels","origin":{"col":7,"file":"file:///home/alan/Projects/Algoman/algo-zerodha/src/index.js","fn":"runTradingLogic","line":157},"present":true,"timestamp":"2025-09-03T03:23:54.041Z"}
{"level":"info","message":"Loaded dailyLevels","origin":{"col":7,"file":"file:///home/alan/Projects/Algoman/algo-zerodha/src/index.js","fn":"runTradingLogic","line":157},"present":true,"timestamp":"2025-09-03T03:23:54.072Z"}
{"level":"info","message":"Loaded dailyAsset","origin":{"col":7,"file":"file:///home/alan/Projects/Algoman/algo-zerodha/src/index.js","fn":"runTradingLogic","line":171},"timestamp":"2025-09-03T03:23:54.103Z"}
{"level":"info","message":"Loaded dailyAsset","origin":{"col":7,"file":"file:///home/alan/Projects/Algoman/algo-zerodha/src/index.js","fn":"runTradingLogic","line":171},"timestamp":"2025-09-03T03:23:54.135Z"}
{"hasAdmin":true,"keysCount":0,"level":"info","message":"Refreshed keys/adminKeys","origin":{"col":7,"file":"file:///home/alan/Projects/Algoman/algo-zerodha/src/index.js","fn":"runTradingLogic","line":186},"timestamp":"2025-09-03T03:23:54.202Z"}
{"hasAdmin":true,"keysCount":0,"level":"info","message":"Refreshed keys/adminKeys","origin":{"col":7,"file":"file:///home/alan/Projects/Algoman/algo-zerodha/src/index.js","fn":"runTradingLogic","line":186},"timestamp":"2025-09-03T03:23:54.232Z"}
{"hasAdmin":true,"keysCount":0,"level":"info","message":"Refreshed keys/adminKeys","origin":{"col":7,"file":"file:///home/alan/Projects/Algoman/algo-zerodha/src/index.js","fn":"runTradingLogic","line":186},"timestamp":"2025-09-03T03:24:00.073Z"}
{"hasAdmin":true,"keysCount":0,"level":"info","message":"Refreshed keys/adminKeys","origin":{"col":7,"file":"file:///home/alan/Projects/Algoman/algo-zerodha/src/index.js","fn":"runTradingLogic","line":186},"timestamp":"2025-09-03T03:24:00.074Z"}
{"dialect":"postgres","level":"info","message":"Database connected","origin":{"col":3,"file":"file:///home/alan/Projects/Algoman/algo-zerodha/src/index.js","fn":"<anonymous>","line":16},"timestamp":"2025-09-03T03:30:49.132Z"}
{"level":"info","message":"Zerodha runner listening","origin":{"col":3,"file":"file:///home/alan/Projects/Algoman/algo-zerodha/src/index.js","fn":"Server.<anonymous>","line":625},"port":3002,"timestamp":"2025-09-03T03:30:49.964Z"}
{"level":"info","message":"Loaded dailyLevels","origin":{"col":7,"file":"file:///home/alan/Projects/Algoman/algo-zerodha/src/index.js","fn":"runTradingLogic","line":157},"present":true,"timestamp":"2025-09-03T03:30:50.035Z"}
{"level":"info","message":"Loaded dailyLevels","origin":{"col":7,"file":"file:///home/alan/Projects/Algoman/algo-zerodha/src/index.js","fn":"runTradingLogic","line":157},"present":true,"timestamp":"2025-09-03T03:30:50.062Z"}
{"level":"info","message":"Loaded dailyAsset","origin":{"col":7,"file":"file:///home/alan/Projects/Algoman/algo-zerodha/src/index.js","fn":"runTradingLogic","line":171},"timestamp":"2025-09-03T03:30:50.092Z"}
{"level":"info","message":"Loaded dailyAsset","origin":{"col":7,"file":"file:///home/alan/Projects/Algoman/algo-zerodha/src/index.js","fn":"runTradingLogic","line":171},"timestamp":"2025-09-03T03:30:50.122Z"}
{"hasAdmin":true,"keysCount":0,"level":"info","message":"Refreshed keys/adminKeys","origin":{"col":7,"file":"file:///home/alan/Projects/Algoman/algo-zerodha/src/index.js","fn":"runTradingLogic","line":186},"timestamp":"2025-09-03T03:30:50.189Z"}
{"hasAdmin":true,"keysCount":0,"level":"info","message":"Refreshed keys/adminKeys","origin":{"col":7,"file":"file:///home/alan/Projects/Algoman/algo-zerodha/src/index.js","fn":"runTradingLogic","line":186},"timestamp":"2025-09-03T03:30:50.213Z"}
{"hasAdmin":true,"keysCount":0,"level":"info","message":"Refreshed keys/adminKeys","origin":{"col":7,"file":"file:///home/alan/Projects/Algoman/algo-zerodha/src/index.js","fn":"runTradingLogic","line":186},"timestamp":"2025-09-03T03:31:00.075Z"}
{"hasAdmin":true,"keysCount":0,"level":"info","message":"Refreshed keys/adminKeys","origin":{"col":7,"file":"file:///home/alan/Projects/Algoman/algo-zerodha/src/index.js","fn":"runTradingLogic","line":186},"timestamp":"2025-09-03T03:31:00.080Z"}
{"dialect":"postgres","level":"info","message":"Database connected","origin":{"col":3,"file":"file:///home/alan/Projects/Algoman/algo-zerodha/src/index.js","fn":"<anonymous>","line":16},"timestamp":"2025-09-03T03:31:14.526Z"}
{"level":"info","message":"Zerodha runner listening","origin":{"col":3,"file":"file:///home/alan/Projects/Algoman/algo-zerodha/src/index.js","fn":"Server.<anonymous>","line":625},"port":3002,"timestamp":"2025-09-03T03:31:15.297Z"}
{"level":"info","message":"Loaded dailyLevels","origin":{"col":7,"file":"file:///home/alan/Projects/Algoman/algo-zerodha/src/index.js","fn":"runTradingLogic","line":157},"present":true,"timestamp":"2025-09-03T03:31:16.033Z"}
{"level":"info","message":"Loaded dailyLevels","origin":{"col":7,"file":"file:///home/alan/Projects/Algoman/algo-zerodha/src/index.js","fn":"runTradingLogic","line":157},"present":true,"timestamp":"2025-09-03T03:31:16.058Z"}
{"level":"info","message":"Loaded dailyAsset","origin":{"col":7,"file":"file:///home/alan/Projects/Algoman/algo-zerodha/src/index.js","fn":"runTradingLogic","line":171},"timestamp":"2025-09-03T03:31:16.085Z"}
{"level":"info","message":"Loaded dailyAsset","origin":{"col":7,"file":"file:///home/alan/Projects/Algoman/algo-zerodha/src/index.js","fn":"runTradingLogic","line":171},"timestamp":"2025-09-03T03:31:16.113Z"}
{"hasAdmin":true,"keysCount":0,"level":"info","message":"Refreshed keys/adminKeys","origin":{"col":7,"file":"file:///home/alan/Projects/Algoman/algo-zerodha/src/index.js","fn":"runTradingLogic","line":186},"timestamp":"2025-09-03T03:31:16.184Z"}
{"hasAdmin":true,"keysCount":0,"level":"info","message":"Refreshed keys/adminKeys","origin":{"col":7,"file":"file:///home/alan/Projects/Algoman/algo-zerodha/src/index.js","fn":"runTradingLogic","line":186},"timestamp":"2025-09-03T03:31:16.197Z"}
{"hasAdmin":true,"keysCount":0,"level":"info","message":"Refreshed keys/adminKeys","origin":{"col":7,"file":"file:///home/alan/Projects/Algoman/algo-zerodha/src/index.js","fn":"runTradingLogic","line":186},"timestamp":"2025-09-03T03:31:40.074Z"}
{"hasAdmin":true,"keysCount":0,"level":"info","message":"Refreshed keys/adminKeys","origin":{"col":7,"file":"file:///home/alan/Projects/Algoman/algo-zerodha/src/index.js","fn":"runTradingLogic","line":186},"timestamp":"2025-09-03T03:31:40.078Z"}
{"dialect":"postgres","level":"info","message":"Database connected","origin":{"col":3,"file":"file:///home/alan/Projects/Algoman/algo-zerodha/src/index.js","fn":"<anonymous>","line":16},"timestamp":"2025-09-03T03:31:50.160Z"}
{"level":"info","message":"Zerodha runner listening","origin":{"col":3,"file":"file:///home/alan/Projects/Algoman/algo-zerodha/src/index.js","fn":"Server.<anonymous>","line":625},"port":3002,"timestamp":"2025-09-03T03:31:50.956Z"}
{"level":"info","message":"Loaded dailyLevels","origin":{"col":7,"file":"file:///home/alan/Projects/Algoman/algo-zerodha/src/index.js","fn":"runTradingLogic","line":157},"present":true,"timestamp":"2025-09-03T03:31:51.040Z"}
{"level":"info","message":"Loaded dailyLevels","origin":{"col":7,"file":"file:///home/alan/Projects/Algoman/algo-zerodha/src/index.js","fn":"runTradingLogic","line":157},"present":true,"timestamp":"2025-09-03T03:31:51.071Z"}
{"level":"info","message":"Loaded dailyAsset","origin":{"col":7,"file":"file:///home/alan/Projects/Algoman/algo-zerodha/src/index.js","fn":"runTradingLogic","line":171},"timestamp":"2025-09-03T03:31:51.103Z"}
{"level":"info","message":"Loaded dailyAsset","origin":{"col":7,"file":"file:///home/alan/Projects/Algoman/algo-zerodha/src/index.js","fn":"runTradingLogic","line":171},"timestamp":"2025-09-03T03:31:51.135Z"}
{"hasAdmin":true,"keysCount":0,"level":"info","message":"Refreshed keys/adminKeys","origin":{"col":7,"file":"file:///home/alan/Projects/Algoman/algo-zerodha/src/index.js","fn":"runTradingLogic","line":186},"timestamp":"2025-09-03T03:31:51.195Z"}
{"hasAdmin":true,"keysCount":0,"level":"info","message":"Refreshed keys/adminKeys","origin":{"col":7,"file":"file:///home/alan/Projects/Algoman/algo-zerodha/src/index.js","fn":"runTradingLogic","line":186},"timestamp":"2025-09-03T03:31:51.202Z"}
{"hasAdmin":true,"keysCount":0,"level":"info","message":"Refreshed keys/adminKeys","origin":{"col":7,"file":"file:///home/alan/Projects/Algoman/algo-zerodha/src/index.js","fn":"runTradingLogic","line":186},"timestamp":"2025-09-03T03:32:00.068Z"}
{"hasAdmin":true,"keysCount":0,"level":"info","message":"Refreshed keys/adminKeys","origin":{"col":7,"file":"file:///home/alan/Projects/Algoman/algo-zerodha/src/index.js","fn":"runTradingLogic","line":186},"timestamp":"2025-09-03T03:32:00.074Z"}
{"dialect":"postgres","level":"info","message":"Database connected","origin":{"col":3,"file":"file:///home/alan/Projects/Algoman/algo-zerodha/src/index.js","fn":"<anonymous>","line":16},"timestamp":"2025-09-03T03:32:24.128Z"}
{"level":"info","message":"Zerodha runner listening","origin":{"col":3,"file":"file:///home/alan/Projects/Algoman/algo-zerodha/src/index.js","fn":"Server.<anonymous>","line":625},"port":3002,"timestamp":"2025-09-03T03:32:24.887Z"}
{"level":"info","message":"Loaded dailyLevels","origin":{"col":7,"file":"file:///home/alan/Projects/Algoman/algo-zerodha/src/index.js","fn":"runTradingLogic","line":157},"present":true,"timestamp":"2025-09-03T03:32:25.035Z"}
{"level":"info","message":"Loaded dailyLevels","origin":{"col":7,"file":"file:///home/alan/Projects/Algoman/algo-zerodha/src/index.js","fn":"runTradingLogic","line":157},"present":true,"timestamp":"2025-09-03T03:32:25.061Z"}
{"level":"info","message":"Loaded dailyAsset","origin":{"col":7,"file":"file:///home/alan/Projects/Algoman/algo-zerodha/src/index.js","fn":"runTradingLogic","line":171},"timestamp":"2025-09-03T03:32:25.087Z"}
{"level":"info","message":"Loaded dailyAsset","origin":{"col":7,"file":"file:///home/alan/Projects/Algoman/algo-zerodha/src/index.js","fn":"runTradingLogic","line":171},"timestamp":"2025-09-03T03:32:25.114Z"}
{"hasAdmin":true,"keysCount":0,"level":"info","message":"Refreshed keys/adminKeys","origin":{"col":7,"file":"file:///home/alan/Projects/Algoman/algo-zerodha/src/index.js","fn":"runTradingLogic","line":186},"timestamp":"2025-09-03T03:32:25.197Z"}
{"hasAdmin":true,"keysCount":0,"level":"info","message":"Refreshed keys/adminKeys","origin":{"col":7,"file":"file:///home/alan/Projects/Algoman/algo-zerodha/src/index.js","fn":"runTradingLogic","line":186},"timestamp":"2025-09-03T03:32:25.201Z"}
{"hasAdmin":true,"keysCount":0,"level":"info","message":"Refreshed keys/adminKeys","origin":{"col":7,"file":"file:///home/alan/Projects/Algoman/algo-zerodha/src/index.js","fn":"runTradingLogic","line":186},"timestamp":"2025-09-03T03:32:40.073Z"}
{"hasAdmin":true,"keysCount":0,"level":"info","message":"Refreshed keys/adminKeys","origin":{"col":7,"file":"file:///home/alan/Projects/Algoman/algo-zerodha/src/index.js","fn":"runTradingLogic","line":186},"timestamp":"2025-09-03T03:32:40.075Z"}
{"dialect":"postgres","level":"info","message":"Database connected","origin":{"col":3,"file":"file:///home/alan/Projects/Algoman/algo-zerodha/src/index.js","fn":"<anonymous>","line":16},"timestamp":"2025-09-03T03:32:51.341Z"}
{"level":"info","message":"Zerodha runner listening","origin":{"col":3,"file":"file:///home/alan/Projects/Algoman/algo-zerodha/src/index.js","fn":"Server.<anonymous>","line":625},"port":3002,"timestamp":"2025-09-03T03:32:52.092Z"}
{"level":"info","message":"Loaded dailyLevels","origin":{"col":7,"file":"file:///home/alan/Projects/Algoman/algo-zerodha/src/index.js","fn":"runTradingLogic","line":157},"present":true,"timestamp":"2025-09-03T03:32:53.036Z"}
{"level":"info","message":"Loaded dailyLevels","origin":{"col":7,"file":"file:///home/alan/Projects/Algoman/algo-zerodha/src/index.js","fn":"runTradingLogic","line":157},"present":true,"timestamp":"2025-09-03T03:32:53.064Z"}
{"level":"info","message":"Loaded dailyAsset","origin":{"col":7,"file":"file:///home/alan/Projects/Algoman/algo-zerodha/src/index.js","fn":"runTradingLogic","line":171},"timestamp":"2025-09-03T03:32:53.094Z"}
{"level":"info","message":"Loaded dailyAsset","origin":{"col":7,"file":"file:///home/alan/Projects/Algoman/algo-zerodha/src/index.js","fn":"runTradingLogic","line":171},"timestamp":"2025-09-03T03:32:53.124Z"}
{"hasAdmin":true,"keysCount":0,"level":"info","message":"Refreshed keys/adminKeys","origin":{"col":7,"file":"file:///home/alan/Projects/Algoman/algo-zerodha/src/index.js","fn":"runTradingLogic","line":186},"timestamp":"2025-09-03T03:32:53.192Z"}
{"hasAdmin":true,"keysCount":0,"level":"info","message":"Refreshed keys/adminKeys","origin":{"col":7,"file":"file:///home/alan/Projects/Algoman/algo-zerodha/src/index.js","fn":"runTradingLogic","line":186},"timestamp":"2025-09-03T03:32:53.216Z"}
{"hasAdmin":true,"keysCount":0,"level":"info","message":"Refreshed keys/adminKeys","origin":{"col":7,"file":"file:///home/alan/Projects/Algoman/algo-zerodha/src/index.js","fn":"runTradingLogic","line":186},"timestamp":"2025-09-03T03:33:00.076Z"}
{"hasAdmin":true,"keysCount":0,"level":"info","message":"Refreshed keys/adminKeys","origin":{"col":7,"file":"file:///home/alan/Projects/Algoman/algo-zerodha/src/index.js","fn":"runTradingLogic","line":186},"timestamp":"2025-09-03T03:33:00.079Z"}
{"dialect":"postgres","level":"info","message":"Database connected","origin":{"col":3,"file":"file:///home/alan/Projects/Algoman/algo-zerodha/src/index.js","fn":"<anonymous>","line":16},"timestamp":"2025-09-03T03:33:27.423Z"}
{"level":"info","message":"Zerodha runner listening","origin":{"col":3,"file":"file:///home/alan/Projects/Algoman/algo-zerodha/src/index.js","fn":"Server.<anonymous>","line":625},"port":3002,"timestamp":"2025-09-03T03:33:28.187Z"}
{"level":"info","message":"Loaded dailyLevels","origin":{"col":7,"file":"file:///home/alan/Projects/Algoman/algo-zerodha/src/index.js","fn":"runTradingLogic","line":157},"present":true,"timestamp":"2025-09-03T03:33:29.039Z"}
{"level":"info","message":"Loaded dailyLevels","origin":{"col":7,"file":"file:///home/alan/Projects/Algoman/algo-zerodha/src/index.js","fn":"runTradingLogic","line":157},"present":true,"timestamp":"2025-09-03T03:33:29.070Z"}
{"level":"info","message":"Loaded dailyAsset","origin":{"col":7,"file":"file:///home/alan/Projects/Algoman/algo-zerodha/src/index.js","fn":"runTradingLogic","line":171},"timestamp":"2025-09-03T03:33:29.102Z"}
{"level":"info","message":"Loaded dailyAsset","origin":{"col":7,"file":"file:///home/alan/Projects/Algoman/algo-zerodha/src/index.js","fn":"runTradingLogic","line":171},"timestamp":"2025-09-03T03:33:29.133Z"}
{"hasAdmin":true,"keysCount":0,"level":"info","message":"Refreshed keys/adminKeys","origin":{"col":7,"file":"file:///home/alan/Projects/Algoman/algo-zerodha/src/index.js","fn":"runTradingLogic","line":186},"timestamp":"2025-09-03T03:33:29.203Z"}
{"hasAdmin":true,"keysCount":0,"level":"info","message":"Refreshed keys/adminKeys","origin":{"col":7,"file":"file:///home/alan/Projects/Algoman/algo-zerodha/src/index.js","fn":"runTradingLogic","line":186},"timestamp":"2025-09-03T03:33:29.212Z"}
{"hasAdmin":true,"keysCount":0,"level":"info","message":"Refreshed keys/adminKeys","origin":{"col":7,"file":"file:///home/alan/Projects/Algoman/algo-zerodha/src/index.js","fn":"runTradingLogic","line":186},"timestamp":"2025-09-03T03:33:40.067Z"}
{"hasAdmin":true,"keysCount":0,"level":"info","message":"Refreshed keys/adminKeys","origin":{"col":7,"file":"file:///home/alan/Projects/Algoman/algo-zerodha/src/index.js","fn":"runTradingLogic","line":186},"timestamp":"2025-09-03T03:33:40.073Z"}
{"hasAdmin":true,"keysCount":0,"level":"info","message":"Refreshed keys/adminKeys","origin":{"col":7,"file":"file:///home/alan/Projects/Algoman/algo-zerodha/src/index.js","fn":"runTradingLogic","line":186},"timestamp":"2025-09-03T03:34:00.064Z"}
{"hasAdmin":true,"keysCount":0,"level":"info","message":"Refreshed keys/adminKeys","origin":{"col":7,"file":"file:///home/alan/Projects/Algoman/algo-zerodha/src/index.js","fn":"runTradingLogic","line":186},"timestamp":"2025-09-03T03:34:00.067Z"}
{"hasAdmin":true,"keysCount":0,"level":"info","message":"Refreshed keys/adminKeys","origin":{"col":7,"file":"file:///home/alan/Projects/Algoman/algo-zerodha/src/index.js","fn":"runTradingLogic","line":186},"timestamp":"2025-09-03T03:34:40.060Z"}
{"hasAdmin":true,"keysCount":0,"level":"info","message":"Refreshed keys/adminKeys","origin":{"col":7,"file":"file:///home/alan/Projects/Algoman/algo-zerodha/src/index.js","fn":"runTradingLogic","line":186},"timestamp":"2025-09-03T03:34:40.064Z"}
{"hasAdmin":true,"keysCount":0,"level":"info","message":"Refreshed keys/adminKeys","origin":{"col":7,"file":"file:///home/alan/Projects/Algoman/algo-zerodha/src/index.js","fn":"runTradingLogic","line":186},"timestamp":"2025-09-03T03:35:00.059Z"}
{"hasAdmin":true,"keysCount":0,"level":"info","message":"Refreshed keys/adminKeys","origin":{"col":7,"file":"file:///home/alan/Projects/Algoman/algo-zerodha/src/index.js","fn":"runTradingLogic","line":186},"timestamp":"2025-09-03T03:35:00.061Z"}
